0 verbose cli C:\nvm4w\nodejs\node.exe C:\nvm4w\nodejs\node_modules\npm\bin\npm-cli.js
1 info using npm@11.9.0
2 info using node@v24.14.0
3 silly config load:file:C:\Users\kelly\AppData\Local\nvm\v24.14.0\node_modules\npm\npmrc
4 silly config load:file:C:\vibe_guard\.npmrc
5 silly config load:file:C:\Users\kelly\.npmrc
6 silly config load:file:C:\Users\kelly\AppData\Roaming\npm\etc\npmrc
7 verbose title npm install
8 verbose argv "install" "--ignore-scripts"
9 verbose logfile logs-max:10 dir:C:\vibe_guard\.npm-cache\_logs\2026-08-20T04_49_31_620Z-
10 verbose logfile C:\vibe_guard\.npm-cache\_logs\2026-08-20T04_49_31_620Z-debug-0.log
11 silly logfile done cleaning log files
12 silly packumentCache heap:4496293888 maxSize:1124073472 maxEntrySize:562036736
13 silly idealTree buildDeps
14 silly reify moves {}
15 silly audit bulk request {
15 silly audit   '@esbuild/aix-ppc64': [ '0.28.2' ],
15 silly audit   '@esbuild/android-arm': [ '0.28.2' ],
15 silly audit   '@esbuild/android-arm64': [ '0.28.2' ],
15 silly audit   '@esbuild/android-x64': [ '0.28.2' ],
15 silly audit   '@esbuild/darwin-arm64': [ '0.28.2' ],
15 silly audit   '@esbuild/darwin-x64': [ '0.28.2' ],
15 silly audit   '@esbuild/freebsd-arm64': [ '0.28.2' ],
15 silly audit   '@esbuild/freebsd-x64': [ '0.28.2' ],
15 silly audit   '@esbuild/linux-arm': [ '0.28.2' ],
15 silly audit   '@esbuild/linux-arm64': [ '0.28.2' ],
15 silly audit   '@esbuild/linux-ia32': [ '0.28.2' ],
15 silly audit   '@esbuild/linux-loong64': [ '0.28.2' ],
15 silly audit   '@esbuild/linux-mips64el': [ '0.28.2' ],
15 silly audit   '@esbuild/linux-ppc64': [ '0.28.2' ],
15 silly audit   '@esbuild/linux-riscv64': [ '0.28.2' ],
15 silly audit   '@esbuild/linux-s390x': [ '0.28.2' ],
15 silly audit   '@esbuild/linux-x64': [ '0.28.2' ],
15 silly audit   '@esbuild/netbsd-arm64': [ '0.28.2' ],
15 silly audit   '@esbuild/netbsd-x64': [ '0.28.2' ],
15 silly audit   '@esbuild/openbsd-arm64': [ '0.28.2' ],
15 silly audit   '@esbuild/openbsd-x64': [ '0.28.2' ],
15 silly audit   '@esbuild/openharmony-arm64': [ '0.28.2' ],
15 silly audit   '@esbuild/sunos-x64': [ '0.28.2' ],
15 silly audit   '@esbuild/win32-arm64': [ '0.28.2' ],
15 silly audit   '@esbuild/win32-ia32': [ '0.28.2' ],
15 silly audit   '@esbuild/win32-x64': [ '0.28.2' ],
15 silly audit   '@eslint-community/eslint-utils': [ '4.10.1' ],
15 silly audit   'eslint-visitor-keys': [ '3.4.3', '5.0.1', '4.2.1' ],
15 silly audit   '@eslint-community/regexpp': [ '4.12.2' ],
15 silly audit   '@eslint/config-array': [ '0.21.2' ],
15 silly audit   '@eslint/config-helpers': [ '0.4.2' ],
15 silly audit   '@eslint/core': [ '0.17.0' ],
15 silly audit   '@eslint/eslintrc': [ '3.3.6' ],
15 silly audit   '@eslint/js': [ '9.39.5' ],
15 silly audit   '@eslint/object-schema': [ '2.1.7' ],
15 silly audit   '@eslint/plugin-kit': [ '0.4.1' ],
15 silly audit   '@humanfs/core': [ '0.19.2' ],
15 silly audit   '@humanfs/node': [ '0.16.8' ],
15 silly audit   '@humanfs/types': [ '0.15.0' ],
15 silly audit   '@humanwhocodes/module-importer': [ '1.0.1' ],
15 silly audit   '@humanwhocodes/retry': [ '0.4.3' ],
15 silly audit   '@ioredis/commands': [ '1.10.0' ],
15 silly audit   '@isaacs/cliui': [ '9.0.0' ],
15 silly audit   '@pinojs/redact': [ '0.4.0' ],
15 silly audit   '@types/body-parser': [ '1.19.6' ],
15 silly audit   '@types/connect': [ '3.4.38' ],
15 silly audit   '@types/estree': [ '1.0.9' ],
15 silly audit   '@types/express': [ '5.0.6' ],
15 silly audit   '@types/express-serve-static-core': [ '5.1.3' ],
15 silly audit   '@types/http-errors': [ '2.0.5' ],
15 silly audit   '@types/json-schema': [ '7.0.15' ],
15 silly audit   '@types/node': [ '24.13.3' ],
15 silly audit   '@types/pg': [ '8.23.1' ],
15 silly audit   '@types/qs': [ '6.15.1' ],
15 silly audit   '@types/range-parser': [ '1.2.7' ],
15 silly audit   '@types/send': [ '1.2.1' ],
15 silly audit   '@types/serve-static': [ '2.2.0' ],
15 silly audit   '@typescript-eslint/eslint-plugin': [ '8.67.0' ],
15 silly audit   ignore: [ '7.0.6', '5.3.2' ],
15 silly audit   '@typescript-eslint/parser': [ '8.67.0' ],
15 silly audit   '@typescript-eslint/project-service': [ '8.67.0' ],
15 silly audit   '@typescript-eslint/scope-manager': [ '8.67.0' ],
15 silly audit   '@typescript-eslint/tsconfig-utils': [ '8.67.0' ],
15 silly audit   '@typescript-eslint/type-utils': [ '8.67.0' ],
15 silly audit   '@typescript-eslint/types': [ '8.67.0' ],
15 silly audit   '@typescript-eslint/typescript-estree': [ '8.67.0' ],
15 silly audit   'balanced-match': [ '4.0.4', '1.0.2' ],
15 silly audit   'brace-expansion': [ '5.0.9', '1.1.18' ],
15 silly audit   minimatch: [ '10.2.6', '3.1.5' ],
15 silly audit   '@typescript-eslint/utils': [ '8.67.0' ],
15 silly audit   '@typescript-eslint/visitor-keys': [ '8.67.0' ],
15 silly audit   accepts: [ '2.0.0' ],
15 silly audit   acorn: [ '8.18.0' ],
15 silly audit   'acorn-jsx': [ '5.3.2' ],
15 silly audit   ajv: [ '6.15.0' ],
15 silly audit   'ansi-regex': [ '5.0.1' ],
15 silly audit   'ansi-styles': [ '4.3.0' ],
15 silly audit   argparse: [ '2.0.1' ],
15 silly audit   'atomic-sleep': [ '1.0.0' ],
15 silly audit   'body-parser': [ '2.3.0' ],
15 silly audit   'content-type': [ '2.1.0', '1.0.5' ],
15 silly audit   bytes: [ '3.1.2' ],
15 silly audit   'call-bind-apply-helpers': [ '1.0.2' ],
15 silly audit   'call-bound': [ '1.0.4' ],
15 silly audit   callsites: [ '3.1.0' ],
15 silly audit   chalk: [ '4.1.2' ],
15 silly audit   cliui: [ '8.0.1' ],
15 silly audit   'cluster-key-slot': [ '1.1.1' ],
15 silly audit   'color-convert': [ '2.0.1' ],
15 silly audit   'color-name': [ '1.1.4' ],
15 silly audit   'concat-map': [ '0.0.1' ],
15 silly audit   'content-disposition': [ '1.1.0' ],
15 silly audit   cookie: [ '0.7.2' ],
15 silly audit   'cookie-signature': [ '1.2.2' ],
15 silly audit   'cross-spawn': [ '7.0.6' ],
15 silly audit   debug: [ '4.4.3' ],
15 silly audit   'deep-is': [ '0.1.4' ],
15 silly audit   denque: [ '2.1.0' ],
15 silly audit   depd: [ '2.0.0' ],
15 silly audit   'dunder-proto': [ '1.0.1' ],
15 silly audit   'ee-first': [ '1.1.1' ],
15 silly audit   'emoji-regex': [ '8.0.0' ],
15 silly audit   encodeurl: [ '2.0.0' ],
15 silly audit   'es-define-property': [ '1.0.1' ],
15 silly audit   'es-errors': [ '1.3.0' ],
15 silly audit   'es-object-atoms': [ '1.1.2' ],
15 silly audit   esbuild: [ '0.28.2' ],
15 silly audit   escalade: [ '3.2.0' ],
15 silly audit   'escape-html': [ '1.0.3' ],
15 silly audit   'escape-string-regexp': [ '4.0.0' ],
15 silly audit   eslint: [ '9.39.5' ],
15 silly audit   'eslint-scope': [ '8.4.0' ],
15 silly audit   espree: [ '10.4.0' ],
15 silly audit   esquery: [ '1.7.0' ],
15 silly audit   esrecurse: [ '4.3.0' ],
15 silly audit   estraverse: [ '5.3.0' ],
15 silly audit   esutils: [ '2.0.3' ],
15 silly audit   etag: [ '1.8.1' ],
15 silly audit   express: [ '5.2.1' ],
15 silly audit   'fast-deep-equal': [ '3.1.3' ],
15 silly audit   'fast-json-stable-stringify': [ '2.1.0' ],
15 silly audit   'fast-levenshtein': [ '2.0.6' ],
15 silly audit   fdir: [ '6.5.0' ],
15 silly audit   'file-entry-cache': [ '8.0.0' ],
15 silly audit   finalhandler: [ '2.1.1' ],
15 silly audit   'find-up': [ '5.0.0' ],
15 silly audit   'flat-cache': [ '4.0.1' ],
15 silly audit   flatted: [ '3.4.4' ],
15 silly audit   'foreground-child': [ '3.3.1' ],
15 silly audit   forwarded: [ '0.2.0' ],
15 silly audit   fresh: [ '2.0.0' ],
15 silly audit   fsevents: [ '2.3.3' ],
15 silly audit   'function-bind': [ '1.1.2' ],
15 silly audit   'get-caller-file': [ '2.0.5' ],
15 silly audit   'get-intrinsic': [ '1.3.0' ],
15 silly audit   'get-proto': [ '1.0.1' ],
15 silly audit   glob: [ '11.1.0' ],
15 silly audit   'glob-parent': [ '6.0.2' ],
15 silly audit   globals: [ '14.0.0' ],
15 silly audit   gopd: [ '1.2.0' ],
15 silly audit   'has-flag': [ '4.0.0' ],
15 silly audit   'has-symbols': [ '1.1.0' ],
15 silly audit   hasown: [ '2.0.4' ],
15 silly audit   'http-errors': [ '2.0.1' ],
15 silly audit   'iconv-lite': [ '0.7.3' ],
15 silly audit   'import-fresh': [ '3.3.1' ],
15 silly audit   imurmurhash: [ '0.1.4' ],
15 silly audit   inherits: [ '2.0.4' ],
15 silly audit   ioredis: [ '5.11.1' ],
15 silly audit   'ipaddr.js': [ '1.9.1' ],
15 silly audit   'is-extglob': [ '2.1.1' ],
15 silly audit   'is-fullwidth-code-point': [ '3.0.0' ],
15 silly audit   'is-glob': [ '4.0.3' ],
15 silly audit   'is-promise': [ '4.0.0' ],
15 silly audit   isexe: [ '2.0.0' ],
15 silly audit   jackspeak: [ '4.2.3' ],
15 silly audit   'js-yaml': [ '4.3.1' ],
15 silly audit   'json-buffer': [ '3.0.1' ],
15 silly audit   'json-schema-traverse': [ '0.4.1' ],
15 silly audit   'json-stable-stringify-without-jsonify': [ '1.0.1' ],
15 silly audit   keyv: [ '4.5.4' ],
15 silly audit   levn: [ '0.4.1' ],
15 silly audit   'locate-path': [ '6.0.0' ],
15 silly audit   'lodash.merge': [ '4.6.2' ],
15 silly audit   'lru-cache': [ '11.5.2' ],
15 silly audit   'math-intrinsics': [ '1.1.0' ],
15 silly audit   'media-typer': [ '1.1.1' ],
15 silly audit   'merge-descriptors': [ '2.0.0' ],
15 silly audit   'mime-db': [ '1.54.0' ],
15 silly audit   'mime-types': [ '3.0.2' ],
15 silly audit   minipass: [ '7.1.3' ],
15 silly audit   ms: [ '2.1.3' ],
15 silly audit   'natural-compare': [ '1.4.0' ],
15 silly audit   negotiator: [ '1.0.0' ],
15 silly audit   'node-pg-migrate': [ '8.0.4' ],
15 silly audit   'object-inspect': [ '1.13.4' ],
15 silly audit   'on-exit-leak-free': [ '2.1.2' ],
15 silly audit   'on-finished': [ '2.4.1' ],
15 silly audit   once: [ '1.4.0' ],
15 silly audit   optionator: [ '0.9.4' ],
15 silly audit   'p-limit': [ '3.1.0' ],
15 silly audit   'p-locate': [ '5.0.0' ],
15 silly audit   'package-json-from-dist': [ '1.0.1' ],
15 silly audit   'parent-module': [ '1.0.1' ],
15 silly audit   parseurl: [ '1.3.3' ],
15 silly audit   'path-exists': [ '4.0.0' ],
15 silly audit   'path-key': [ '3.1.1' ],
15 silly audit   'path-scurry': [ '2.0.2' ],
15 silly audit   'path-to-regexp': [ '8.4.2' ],
15 silly audit   pg: [ '8.23.0' ],
15 silly audit   'pg-cloudflare': [ '1.4.0' ],
15 silly audit   'pg-connection-string': [ '2.14.0' ],
15 silly audit   'pg-int8': [ '1.0.1' ],
15 silly audit   'pg-pool': [ '3.14.0' ],
15 silly audit   'pg-protocol': [ '1.16.0' ],
15 silly audit   'pg-types': [ '2.2.0' ],
15 silly audit   pgpass: [ '1.0.5' ],
15 silly audit   picomatch: [ '4.0.5' ],
15 silly audit   pino: [ '9.14.0' ],
15 silly audit   'pino-abstract-transport': [ '2.0.0' ],
15 silly audit   'pino-std-serializers': [ '7.1.0' ],
15 silly audit   'postgres-array': [ '2.0.0' ],
15 silly audit   'postgres-bytea': [ '1.0.1' ],
15 silly audit   'postgres-date': [ '1.0.7' ],
15 silly audit   'postgres-interval': [ '1.2.0' ],
15 silly audit   'prelude-ls': [ '1.2.1' ],
15 silly audit   'process-warning': [ '5.1.0' ],
15 silly audit   'proxy-addr': [ '2.0.7' ],
15 silly audit   punycode: [ '2.3.1' ],
15 silly audit   qs: [ '6.15.3' ],
15 silly audit   'quick-format-unescaped': [ '4.0.4' ],
15 silly audit   'range-parser': [ '1.3.0' ],
15 silly audit   'raw-body': [ '3.0.2' ],
15 silly audit   'real-require': [ '0.2.0' ],
15 silly audit   'redis-errors': [ '1.2.0' ],
15 silly audit   'redis-parser': [ '3.0.0' ],
15 silly audit   'require-directory': [ '2.1.1' ],
15 silly audit   'resolve-from': [ '4.0.0' ],
15 silly audit   router: [ '2.2.0' ],
15 silly audit   'safe-stable-stringify': [ '2.5.0' ],
15 silly audit   'safer-buffer': [ '2.1.2' ],
15 silly audit   semver: [ '7.8.5' ],
15 silly audit   send: [ '1.2.1' ],
15 silly audit   'serve-static': [ '2.2.1' ],
15 silly audit   setprototypeof: [ '1.2.0' ],
15 silly audit   'shebang-command': [ '2.0.0' ],
15 silly audit   'shebang-regex': [ '3.0.0' ],
15 silly audit   'side-channel': [ '1.1.1' ],
15 silly audit   'side-channel-list': [ '1.0.1' ],
15 silly audit   'side-channel-map': [ '1.0.1' ],
15 silly audit   'side-channel-weakmap': [ '1.0.2' ],
15 silly audit   'signal-exit': [ '4.1.0' ],
15 silly audit   'sonic-boom': [ '4.2.1' ],
15 silly audit   split2: [ '4.2.0' ],
15 silly audit   'standard-as-callback': [ '2.1.0' ],
15 silly audit   statuses: [ '2.0.2' ],
15 silly audit   'string-width': [ '4.2.3' ],
15 silly audit   'strip-ansi': [ '6.0.1' ],
15 silly audit   'strip-json-comments': [ '3.1.1' ],
15 silly audit   'supports-color': [ '7.2.0' ],
15 silly audit   'thread-stream': [ '3.2.0' ],
15 silly audit   tinyglobby: [ '0.2.17' ],
15 silly audit   toidentifier: [ '1.0.1' ],
15 silly audit   'ts-api-utils': [ '2.5.0' ],
15 silly audit   tsx: [ '4.23.12' ],
15 silly audit   'type-check': [ '0.4.0' ],
15 silly audit   'type-is': [ '2.1.0' ],
15 silly audit   typescript: [ '5.9.3' ],
15 silly audit   'typescript-eslint': [ '8.67.0' ],
15 silly audit   'undici-types': [ '7.18.2' ],
15 silly audit   unpipe: [ '1.0.0' ],
15 silly audit   'uri-js': [ '4.4.1' ],
15 silly audit   vary: [ '1.1.2' ],
15 silly audit   which: [ '2.0.2' ],
15 silly audit   'word-wrap': [ '1.2.5' ],
15 silly audit   'wrap-ansi': [ '7.0.0' ],
15 silly audit   wrappy: [ '1.0.2' ],
15 silly audit   xtend: [ '4.0.2' ],
15 silly audit   y18n: [ '5.0.8' ],
15 silly audit   yargs: [ '17.7.3' ],
15 silly audit   'yargs-parser': [ '21.1.1' ],
15 silly audit   'yocto-queue': [ '0.1.0' ],
15 silly audit   zod: [ '4.4.3' ]
15 silly audit }
16 http fetch GET https://registry.npmjs.org/npm attempt 1 failed with EACCES
17 verbose audit error FetchError: request to https://registry.npmjs.org/-/npm/v1/security/advisories/bulk failed, reason: 
17 verbose audit error     at ClientRequest.<anonymous> (C:\Users\kelly\AppData\Local\nvm\v24.14.0\node_modules\npm\node_modules\minipass-fetch\lib\index.js:130:14)
17 verbose audit error     at ClientRequest.emit (node:events:508:28)
17 verbose audit error     at emitErrorEvent (node:_http_client:108:11)
17 verbose audit error     at _destroy (node:_http_client:963:9)
17 verbose audit error     at onSocketNT (node:_http_client:983:5)
17 verbose audit error     at process.processTicksAndRejections (node:internal/process/task_queues:91:21) {
17 verbose audit error   code: 'EACCES',
17 verbose audit error   errno: 'EACCES',
17 verbose audit error   type: 'system'
17 verbose audit error }
18 silly audit error undefined
19 silly audit report null
20 verbose cwd C:\vibe_guard
21 verbose os Windows_NT 10.0.26200
22 verbose node v24.14.0
23 verbose npm  v11.9.0
24 verbose exit 0
25 info ok
